┌───────┐  ┌─────┐
│ Alice │  │ Bob │
└───┬───┘  └──┬──┘
    │         │
    │  Query  │
    ├────────▶│
    │         │
── alt success ────
    │         │
    │   OK    │
    │◄╌╌╌╌╌╌╌╌┤
    │         │
── else failure ───
    │         │
    │  Error  │
    │◄╌╌╌╌╌╌╌╌┤
    │         │
── end ────────────
    │         │
┌───┴───┐  ┌──┴──┐
│ Alice │  │ Bob │
└───────┘  └─────┘
