┌───────┐    ┌─────┐
│ Alice │    │ Bob │
└───┬───┘    └──┬──┘
    │           │
    │   Hello   │
    ├──────────▶│
    │           │
  ┌───────────────┐
  │ A shared note │
  └───────────────┘
    │           │
┌─────────────┐ │
│ on the left │ │
└─────────────┘ │
    │           │
    │           │ ┌──────────────┐
    │           │ │ on the right │
    │           │ └──────────────┘
    │           │
┌───┴───┐    ┌──┴──┐
│ Alice │    │ Bob │
└───────┘    └─────┘
