                                                             ┌─────┐
                                                             │ HUB │
                                                             └──┬──┘
     ┌────────────┬────────────┬────────────┬────────────┬──────┴─────┬────────────┬────────────┬────────────┬────────────┐
     │1 links 0..*│1 links 0..*│1 links 0..*│1 links 0..*│1 links 0..*│1 links 0..*│1 links 0..*│1 links 0..*│1 links 0..*│1 links 0..*
┌────────┐   ┌────────┐   ┌────────┐   ┌────────┐   ┌────────┐   ┌────────┐   ┌────────┐   ┌────────┐   ┌────────┐   ┌────────┐
│ SPOKE0 │   │ SPOKE1 │   │ SPOKE2 │   │ SPOKE3 │   │ SPOKE4 │   │ SPOKE5 │   │ SPOKE6 │   │ SPOKE7 │   │ SPOKE8 │   │ SPOKE9 │
└────────┘   └────────┘   └────────┘   └────────┘   └────────┘   └────────┘   └────────┘   └────────┘   └────────┘   └────────┘
