             ┌───────────────┐
             │    ACCOUNT    │
             ├───────────────┤
             │ string field0 │
             │ string field1 │
             │ string field2 │
             │ string field3 │
             │ string field4 │
             │ string field5 │
             │ string field6 │
             │ string field7 │
             │ …             │
             └───────┬───────┘
    ┌──────────┬─────┴──────┬───────────┐
    │1 has 0..*│0..* belongs│1          │1..* many 1..*
 ┌─────┐   ┌───────┐   ┌─────────┐   ┌─────┐
 │ TXN │   │ OWNER │   │ PROFILE │   │ TAG │
 └─────┘   └───────┘   └─────────┘   └─────┘
