   ┌──────┐
   │ rect │
   └───┬──┘
       │
       ▼
   ╭───────╮
   │ round │
   ╰───┬───╯
       │
       ▼
  ╭─────────╮
  │ diamond │
  ╰────┬────╯
       ┃
       ▼
┌────────────┐
│ subroutine │
└──────┬─────┘
       ╎
       ▼
  ╭────────╮
  │ circle │
  ╰────┬───╯
       │
       ▼
   ┌──────┐
   │ flag │
   └──────┘
