┌───┐            ┌───┐
│ A │            │ B │
└─┬─┘            └─┬─┘
  │                │
  │  1. request 0  │
  ├───────────────▶│
  │                │
  │ 2. response 0  │
  │◄╌╌╌╌╌╌╌╌╌╌╌╌╌╌╌┤
  │                │
  │  3. request 1  │
  ├───────────────▶│
  │                │
  │ 4. response 1  │
  │◄╌╌╌╌╌╌╌╌╌╌╌╌╌╌╌┤
  │                │
  │  5. request 2  │
  ├───────────────▶│
  │                │
  │ 6. response 2  │
  │◄╌╌╌╌╌╌╌╌╌╌╌╌╌╌╌┤
  │                │
  │  7. request 3  │
  ├───────────────▶│
  │                │
  │ 8. response 3  │
  │◄╌╌╌╌╌╌╌╌╌╌╌╌╌╌╌┤
  │                │
  │  9. request 4  │
  ├───────────────▶│
  │                │
  │ 10. response 4 │
  │◄╌╌╌╌╌╌╌╌╌╌╌╌╌╌╌┤
  │                │
  │ 11. request 5  │
  ├───────────────▶│
  │                │
  │ 12. response 5 │
  │◄╌╌╌╌╌╌╌╌╌╌╌╌╌╌╌┤
  │                │
  │ 13. request 6  │
  ├───────────────▶│
  │                │
  │ 14. response 6 │
  │◄╌╌╌╌╌╌╌╌╌╌╌╌╌╌╌┤
  │                │
  │ 15. request 7  │
  ├───────────────▶│
  │                │
  │ 16. response 7 │
  │◄╌╌╌╌╌╌╌╌╌╌╌╌╌╌╌┤
  │                │
  │ 17. request 8  │
  ├───────────────▶│
  │                │
  │ 18. response 8 │
  │◄╌╌╌╌╌╌╌╌╌╌╌╌╌╌╌┤
  │                │
  │ 19. request 9  │
  ├───────────────▶│
  │                │
  │ 20. response 9 │
  │◄╌╌╌╌╌╌╌╌╌╌╌╌╌╌╌┤
  │                │
  │ 21. request 10 │
  ├───────────────▶│
  │                │
  │22. response 10 │
  │◄╌╌╌╌╌╌╌╌╌╌╌╌╌╌╌┤
  │                │
  │ 23. request 11 │
  ├───────────────▶│
  │                │
  │24. response 11 │
  │◄╌╌╌╌╌╌╌╌╌╌╌╌╌╌╌┤
  │                │
  │ 25. request 12 │
  ├───────────────▶│
  │                │
  │26. response 12 │
  │◄╌╌╌╌╌╌╌╌╌╌╌╌╌╌╌┤
  │                │
  │ 27. request 13 │
  ├───────────────▶│
  │                │
  │28. response 13 │
  │◄╌╌╌╌╌╌╌╌╌╌╌╌╌╌╌┤
  │                │
  │ 29. request 14 │
  ├───────────────▶│
  │                │
  │30. response 14 │
  │◄╌╌╌╌╌╌╌╌╌╌╌╌╌╌╌┤
  │                │
  │ 31. request 15 │
  ├───────────────▶│
  │                │
  │32. response 15 │
  │◄╌╌╌╌╌╌╌╌╌╌╌╌╌╌╌┤
  │                │
  │ 33. request 16 │
  ├───────────────▶│
  │                │
  │34. response 16 │
  │◄╌╌╌╌╌╌╌╌╌╌╌╌╌╌╌┤
  │                │
  │ 35. request 17 │
  ├───────────────▶│
  │                │
  │36. response 17 │
  │◄╌╌╌╌╌╌╌╌╌╌╌╌╌╌╌┤
  │                │
  │ 37. request 18 │
  ├───────────────▶│
  │                │
  │38. response 18 │
  │◄╌╌╌╌╌╌╌╌╌╌╌╌╌╌╌┤
  │                │
  │ 39. request 19 │
  ├───────────────▶│
  │                │
  │40. response 19 │
  │◄╌╌╌╌╌╌╌╌╌╌╌╌╌╌╌┤
  │                │
  │ 41. request 20 │
  ├───────────────▶│
  │                │
  │42. response 20 │
  │◄╌╌╌╌╌╌╌╌╌╌╌╌╌╌╌┤
  │                │
┌─┴─┐            ┌─┴─┐
│ A │            │ B │
└───┘            └───┘
