┌───┐         ┌───┐  ┌───┐
│ A │         │ B │  │ C │
└─┬─┘         └─┬─┘  └─┬─┘
  │             │      │
┌────────────────────────┐
│  begin the whole flow  │
└────────────────────────┘
  │             │      │
── loop retries ──────────────────
  │             │      │
  │     try     │      │
  ├────────────▶│      │
  │             │      │
── alt ok ────────────────────────
  │             │      │
  │     yes     │      │
  │◄╌╌╌╌╌╌╌╌╌╌╌╌┤      │
  │             │      │
── else fail ─────────────────────
  │             │      │
  │     no      │      │
  │×╌╌╌╌╌╌╌╌╌╌╌╌┤      │
  │             │      │
── end ───────────────────────────
  │             │      │
── end ───────────────────────────
  │             │      │
  ├──╮          │      │
  │  │ reflect  │      │
  │◄─╯          │      │
  │             │      │
  │             │      │ ┌──────┐
  │             │      │ │ done │
  │             │      │ └──────┘
  │             │      │
┌─┴─┐         ┌─┴─┐  ┌─┴─┐
│ A │         │ B │  │ C │
└───┘         └───┘  └───┘
