                                                                      ╭───╮
                                                                      │ ● │
                                                                      ╰─┬─╯
                                                                        │
                                                                        ▼
                                                                     ╭─────╮
                                                                     │ Hub │
                                                                     ╰──┬──╯
   ┌────────┬────────┬────────┬────────┬────────┬────────┬────────┬─────┴──┬────────┬─────────┬─────────┬─────────┬─────────┬─────────┬─────────┐
   ▼evt0    ▼evt1    ▼evt2    ▼evt3    ▼evt4    ▼evt5    ▼evt6    ▼evt7    ▼evt8    ▼evt9     ▼evt10    ▼evt11    ▼evt12    ▼evt13    ▼evt14    ▼evt15
╭────╮   ╭────╮   ╭────╮   ╭────╮   ╭────╮   ╭────╮   ╭────╮   ╭────╮   ╭────╮   ╭────╮    ╭─────╮   ╭─────╮   ╭─────╮   ╭─────╮   ╭─────╮   ╭─────╮
│ S0 │   │ S1 │   │ S2 │   │ S3 │   │ S4 │   │ S5 │   │ S6 │   │ S7 │   │ S8 │   │ S9 │    │ S10 │   │ S11 │   │ S12 │   │ S13 │   │ S14 │   │ S15 │
╰────╯   ╰────╯   ╰────╯   ╰────╯   ╰────╯   ╰────╯   ╰────╯   ╰────╯   ╰────╯   ╰────╯    ╰─────╯   ╰─────╯   ╰─────╯   ╰─────╯   ╰─────╯   ╰─────╯
