 ╭─────╮      ╭───╮
 │ Big │      │ ● │
 ╰──┬──╯      ╰─┬─╯
    │           │
    ▼           ▼
╭──────╮    ╭───────╮
│ Done │    │ Inner │
╰──────╯    ╰───┬───╯
                │
                ▼
             ╭────╮
             │ ch │
             ╰──┬─╯
          ┌─────┴────┐
          ▼x         ▼y
      ╭──────╮   ╭───────╮
      │ Left │   │ Right │
      ╰──────╯   ╰───────╯
